Copyright 1986-2017 Xilinx, Inc. All Rights Reserved.
------------------------------------------------------------------------------------
| Tool Version : Vivado v.2017.2 (win64) Build 1909853 Thu Jun 15 18:39:09 MDT 2017
| Date         : Wed May 15 16:20:02 2024
| Host         : DESKTOP-NIPFRBE running 64-bit major release  (build 9200)
| Command      : report_control_sets -verbose -file VGA_TOP_control_sets_placed.rpt
| Design       : VGA_TOP
| Device       : xc7z020
------------------------------------------------------------------------------------

Control Set Information

Table of Contents
-----------------
1. Summary
2. Flip-Flop Distribution
3. Detailed Control Set Information

1. Summary
----------

+----------------------------------------------------------+-------+
|                          Status                          | Count |
+----------------------------------------------------------+-------+
| Number of unique control sets                            |     4 |
| Unused register locations in slices containing registers |    15 |
+----------------------------------------------------------+-------+


2. Flip-Flop Distribution
-------------------------

+--------------+-----------------------+------------------------+-----------------+--------------+
| Clock Enable | Synchronous Set/Reset | Asynchronous Set/Reset | Total Registers | Total Slices |
+--------------+-----------------------+------------------------+-----------------+--------------+
| No           | No                    | No                     |              14 |            6 |
| No           | No                    | Yes                    |              14 |            6 |
| No           | Yes                   | No                     |               0 |            0 |
| Yes          | No                    | No                     |               0 |            0 |
| Yes          | No                    | Yes                    |              29 |           10 |
| Yes          | Yes                   | No                     |               0 |            0 |
+--------------+-----------------------+------------------------+-----------------+--------------+


3. Detailed Control Set Information
-----------------------------------

+----------------------------+------------------------------+------------------+------------------+----------------+
|        Clock Signal        |         Enable Signal        | Set/Reset Signal | Slice Load Count | Bel Load Count |
+----------------------------+------------------------------+------------------+------------------+----------------+
|  clk_wiz_0_0/inst/clk_out1 | vga_ctrl_0/vcount[9]_i_1_n_0 | rst_IBUF         |                4 |             10 |
|  clk_wiz_0_0/inst/clk_out1 |                              |                  |                6 |             14 |
|  clk_wiz_0_0/inst/clk_out1 |                              | rst_IBUF         |                6 |             14 |
|  clk_wiz_0_0/inst/clk_out1 | vga_ctrl_0/E[0]              | rst_IBUF         |                6 |             19 |
+----------------------------+------------------------------+------------------+------------------+----------------+


+--------+-----------------------+
| Fanout | Number of ControlSets |
+--------+-----------------------+
| 10     |                     1 |
| 14     |                     2 |
| 16+    |                     1 |
+--------+-----------------------+


